// Vitest Snapshot v1, https://vitest.dev/guide/snapshot.html

exports[`ErrorPage component > should match the snapshot 1`] = `
<div>
  <h1>
    Oops!
  </h1>
  <p>
    Sorry, an unexpected error has occurred.
  </p>
</div>
`;

exports[`ErrorPage component should match the snapshot 1`] = `
{
  "$$typeof": Symbol(react.transitional.element),
  "_debugInfo": null,
  "_owner": null,
  "_store": {
    "validated": 0,
  },
  "key": null,
  "props": {
    "children": [
      {
        "$$typeof": Symbol(react.transitional.element),
        "_debugInfo": null,
        "_owner": null,
        "_store": {
          "validated": 1,
        },
        "key": null,
        "props": {
          "children": "Oops!",
        },
        "ref": null,
        "type": "h1",
      },
      {
        "$$typeof": Symbol(react.transitional.element),
        "_debugInfo": null,
        "_owner": null,
        "_store": {
          "validated": 1,
        },
        "key": null,
        "props": {
          "children": "Sorry, an unexpected error has occurred.",
        },
        "ref": null,
        "type": "p",
      },
    ],
  },
  "ref": null,
  "type": "div",
}
`;
